Unable to find package manifest at '/Users/admin/monorepo/Move.toml' or in its parents
